// Jest Snapshot v1, https://jestjs.io/docs/snapshot-testing

exports[`ShowConnectionsModal should have the correct title: title 1`] = `
<span
  class="pf-v6-c-modal-box__title-text"
>
  Lorem ipsum
</span>
`;

exports[`ShowConnectionsModal should render a basic component: basic 1`] = `
<Modal
  variant="small"
  title="Lorem ipsum"
  isOpen
  onClose={[Function]}
  actions={[
    <Button
  variant="secondary"
  onClick={[Function]}
>
  "t([
  "view.sources.show-connections-modal.actions.close"
])"
</Button>,
  ]}
  className=""
  titleIconVariant={null}
  titleLabel=""
  aria-label=""
  showClose
  aria-describedby=""
  aria-labelledby=""
  id={undefined}
  hasNoBodyWrapper={false}
  appendTo={[Function]}
  ouiaSafe
  position="default"
>
  <Table
  aria-label="t([
  "view.sources.show-connections-modal.aria-list"
])"
  isExpandable
  hasAnimations
>
  <Tbody
  isExpanded={false}
>
  <Tr>
  <Td
  width={10}
  expand={{
            "expandId": "failed-expandable",
            "isExpanded": false,
            "onToggle": [Function],
            "rowIndex": 0,
          }}
 />
  <Td
  width={10}
>
  <Icon
  status="danger"
>
  <ExclamationCircleIcon />
</Icon>
</Td>
  <Td
  width={80}
>
  "t([
  "view.sources.show-connections-modal.failed"
])"
</Td>
</Tr>
  <Tr
  isExpanded={false}
>
  <Td />
  <Td />
  <Td>
  <ExpandableRowContent>
  <List
  isPlain
>
  [
                <ListItem>
  "Amet"
</ListItem>,
              ]
  false
</List>
</ExpandableRowContent>
</Td>
</Tr>
</Tbody>
  <Tbody
  isExpanded={false}
>
  <Tr>
  <Td
  width={10}
  expand={{
            "expandId": "unreachable-expandable",
            "isExpanded": false,
            "onToggle": [Function],
            "rowIndex": 1,
          }}
 />
  <Td
  width={10}
>
  <Icon
  status="warning"
>
  <ExclamationTriangleIcon />
</Icon>
</Td>
  <Td
  width={80}
>
  "t([
  "view.sources.show-connections-modal.unreachable"
])"
</Td>
</Tr>
  <Tr
  isExpanded={false}
>
  <Td />
  <Td />
  <Td>
  <ExpandableRowContent>
  <List
  isPlain
>
  [
                <ListItem>
  "Ipsum"
</ListItem>,
              ]
  false
</List>
</ExpandableRowContent>
</Td>
</Tr>
</Tbody>
  <Tbody
  isExpanded={false}
>
  <Tr>
  <Td
  width={10}
  expand={{
            "expandId": "successful-expandable",
            "isExpanded": false,
            "onToggle": [Function],
            "rowIndex": 2,
          }}
 />
  <Td
  width={10}
>
  <Icon
  status="success"
>
  <CheckCircleIcon />
</Icon>
</Td>
  <Td
  width={80}
>
  "t([
  "view.sources.show-connections-modal.successful"
])"
</Td>
</Tr>
  <Tr
  isExpanded={false}
>
  <Td />
  <Td />
  <Td>
  <ExpandableRowContent>
  <List
  isPlain
>
  [
                <ListItem>
  "Dolor sit"
</ListItem>,
              ]
  false
</List>
</ExpandableRowContent>
</Td>
</Tr>
</Tbody>
</Table>
</Modal>
`;
