// Jest Snapshot v1, https://goo.gl/fbAQLP

exports[`ScansToolbar should have specific properties: ScansToolbar 1`] = `
{
  "filterFields": [
    {
      "component": [Function],
      "selected": true,
      "title": [Function],
      "value": "search_by_name",
    },
    {
      "component": [Function],
      "title": [Function],
      "value": "search_sources_by_name",
    },
  ],
  "sortFields": [
    {
      "selected": true,
      "title": [Function],
      "value": "name",
    },
    {
      "isDefaultDescending": true,
      "title": [Function],
      "value": "most_recent_connect_scan__start_time",
    },
  ],
}
`;
