// Jest Snapshot v1, https://goo.gl/fbAQLP

exports[`TableEmpty Component should render a basic component: basic 1`] = `
<Bullseye>
  <EmptyState
    variant="sm"
  >
    <EmptyStateHeader
      headingLevel="h2"
      icon={
        <EmptyStateIcon
          icon={[Function]}
        />
      }
      titleText={
        <React.Fragment>
          t(table.empty-state_title, No results found)
        </React.Fragment>
      }
    />
    <EmptyStateBody>
      t(table.empty-state_description, Clear all filters and try again.)
    </EmptyStateBody>
  </EmptyState>
</Bullseye>
`;
