// Jest Snapshot v1, https://goo.gl/fbAQLP

exports[`RouterContext should return specific properties: specific properties 1`] = `
{
  "DEFAULT_CONTEXT": [
    {},
    [Function],
  ],
  "RouterContext": {
    "$$typeof": Symbol(react.context),
    "Consumer": {
      "$$typeof": Symbol(react.context),
      "_context": [Circular],
    },
    "Provider": {
      "$$typeof": Symbol(react.provider),
      "_context": [Circular],
    },
    "_currentRenderer": null,
    "_currentRenderer2": null,
    "_currentValue": [
      {},
      [Function],
    ],
    "_currentValue2": [
      {},
      [Function],
    ],
    "_defaultValue": null,
    "_globalName": null,
    "_threadCount": 0,
  },
  "useLocation": [Function],
  "useNavigate": [Function],
  "useParams": [Function],
  "useRouterContext": [Function],
}
`;
