// Jest Snapshot v1, https://goo.gl/fbAQLP

exports[`I18n Component should generate a predictable locale key output snapshot: key output 1`] = `
Array [
  Object {
    "file": "./src/common/helpers.js",
    "keys": Array [
      Object {
        "key": "",
        "match": "t(\${updatedKey}\${(updatedValue && \`, \${updatedValue}\`)",
      },
    ],
  },
  Object {
    "file": "./src/components/aboutModal/aboutModal.js",
    "keys": Array [
      Object {
        "key": "about-modal.copyright",
        "match": "t('about-modal.copyright', { year: currentYear })",
      },
      Object {
        "key": "about-modal.copy-confirmation",
        "match": "t('about-modal.copy-confirmation')",
      },
      Object {
        "key": "about-modal.username",
        "match": "t('about-modal.username')",
      },
      Object {
        "key": "about-modal.browser-version",
        "match": "t('about-modal.browser-version')",
      },
      Object {
        "key": "about-modal.browser-os",
        "match": "t('about-modal.browser-os')",
      },
      Object {
        "key": "about-modal.server-version",
        "match": "t('about-modal.server-version')",
      },
      Object {
        "key": "about-modal.ui-version",
        "match": "t('about-modal.ui-version')",
      },
      Object {
        "key": "about-modal.copy-button",
        "match": "t('about-modal.copy-button')",
      },
    ],
  },
]
`;

exports[`I18n Component should have locale keys that exist in the default language JSON: predictable missing locale keys 1`] = `Array []`;

exports[`I18n Component should pass children: children 1`] = `"lorem ipsum"`;

exports[`I18n Component should render a basic component: basic 1`] = `
<I18n
  fallbackLng="en"
  loadPath="/locales/{{lng}}.json"
  locale="es"
>
  lorem ipsum
</I18n>
`;
