// Jest Snapshot v1, https://jestjs.io/docs/snapshot-testing

exports[`Routes should render a basic component: basic 1`] = `
<React.Suspense
  fallback={<p>
  " Loading..."
</p>}
>
  <Routes>
  [
      <Route
  path="/overview"
  element={<Lazy />}
 />,
      <Route
  path="/credentials"
  element={<Lazy />}
 />,
      <Route
  path="/sources"
  element={<Lazy />}
 />,
      <Route
  path="/scans"
  element={<Lazy />}
 />,
      <Route
  path="/reports"
  element={<Lazy />}
 />,
    ]
  <Route
  path="/"
  element={<Navigate
  to="/overview"
  replace
 />}
 />
  <Route
  path="*"
  element={<NotFound />}
 />
</Routes>
</React.Suspense>
`;
