// Jest Snapshot v1, https://goo.gl/fbAQLP

exports[`Application branding should have a specific branding file output: ui name within GUI 1`] = `
Array [
  "",
  "./dist/client/static/js/2*chunk.js",
  "./dist/client/static/js/main*chunk.js",
]
`;

exports[`Application branding should have a specific branding file output: ui name within templates 1`] = `
Array [
  "",
  "./dist/templates/client/index.html",
  "./dist/templates/registration/logged_out.html",
  "./dist/templates/registration/login.html",
]
`;

exports[`Application branding should have a specific branding file output: ui sentence name within GUI 1`] = `
Array [
  "",
  "./dist/client/static/js/2*chunk.js",
  "./dist/client/static/js/main*chunk.js",
]
`;

exports[`Application branding should have a specific branding file output: ui short name within GUI 1`] = `
Array [
  "",
  "./dist/client/static/js/2*chunk.js",
  "./dist/client/static/js/main*chunk.js",
]
`;
