// Jest Snapshot v1, https://goo.gl/fbAQLP

exports[`General code checks should only have specific console.[warn|log|info|error] methods: console methods 1`] = `
[
  "components/viewLayout/viewLayoutToolbar.tsx:65:    console.log('selected', value);",
  "components/viewLayout/viewLayoutToolbar.tsx:73:    console.log('selected', value);",
  "helpers/queryHelpers.ts:70:        console.log(\`Query: \`, query);",
  "helpers/queryHelpers.ts:75:        console.error(error);",
  "hooks/useCredentialApi.ts:74:          console.log(missingCredsMsg);",
  "hooks/useCredentialApi.ts:92:          console.log(missingCredsMsg);",
  "hooks/useCredentialApi.ts:138:          console.error(error);",
  "hooks/useCredentialApi.ts:202:          console.error(error);",
  "hooks/useCredentialApi.ts:266:          console.error(error);",
  "hooks/useLoginApi.ts:58:          console.error(error);",
  "hooks/useLoginApi.ts:99:        console.error(error);",
  "hooks/useLoginApi.ts:137:        console.error(error);",
  "hooks/useLoginApi.ts:165:        console.error('Invalid token, unable to parse format');",
  "hooks/useScanApi.ts:67:          console.error(error);",
  "hooks/useScanApi.ts:140:          console.error(error);",
  "hooks/useScanApi.ts:186:        console.log(missingScansMsg);",
  "hooks/useScanApi.ts:220:          console.error(error);",
  "hooks/useScanApi.ts:284:          console.error(error);",
  "hooks/useScanApi.ts:357:          console.error(error);",
  "hooks/useScanApi.ts:402:          console.error(error);",
  "hooks/useSourceApi.ts:63:          console.log(missingSourcesMsg);",
  "hooks/useSourceApi.ts:81:          console.log(missingSourcesMsg);",
  "hooks/useSourceApi.ts:127:          console.error(error);",
  "hooks/useSourceApi.ts:191:          console.error(error);",
  "hooks/useSourceApi.ts:255:          console.error(error);",
  "views/scans/showScansModal.tsx:70:      console.log({ aValue, bValue });",
  "views/sources/addSourceModal.tsx:54:      .catch(err => console.error(err));",
]
`;
