// Jest Snapshot v1, https://goo.gl/fbAQLP

exports[`General code checks should only have specific console.[warn|log|info|error] methods: console methods 1`] = `
[
  "app.tsx:26:        console.error('Failed to set config', error);",
  "components/viewLayout/viewLayoutToolbar.tsx:55:        console.error('Failed to logout', err);",
  "components/viewLayout/viewLayoutToolbar.tsx:68:    console.log('selected', value);",
  "components/viewLayout/viewLayoutToolbar.tsx:77:    console.log('selected', value);",
  "helpers/helpers.ts:61:      console.warn('Copy to clipboard failed.', (e as any).message);",
  "helpers/helpers.ts:280:    console.error('Error occurred in getTimeDisplayHowLongAgo:', error);",
  "helpers/queryHelpers.ts:79:        console.log(\`Query: \`, query);",
  "helpers/queryHelpers.ts:84:        console.error(error);",
  "hooks/useCredentialApi.ts:33:    console.log('Deleting selected credentials:', selectedItems);",
  "hooks/useScanApi.ts:45:    console.log('Deleting selected scans:', selectedItems);",
  "hooks/useSourceApi.ts:96:    console.log('Deleting selected sources:', selectedItems);",
  "views/credentials/viewCredentialsList.tsx:102:        console.log(err);",
  "views/login/viewLogin.tsx:60:                console.error('Failed to set config', error);",
  "views/login/viewLogin.tsx:67:          console.error({ err });",
  "views/scans/showScansModal.tsx:76:      console.log({ aValue, bValue });",
  "views/scans/viewScansList.tsx:95:        console.log(err);",
  "views/scans/viewScansList.tsx:112:    console.log('run scan:', source);",
  "views/scans/viewScansList.tsx:120:    //   console.error({ err });",
  "views/scans/viewScansList.tsx:352:                console.error(err);",
  "views/sources/addSourceModal.tsx:66:      .catch(err => console.error(err));",
  "views/sources/viewSourcesList.tsx:124:        console.log(err);",
  "views/sources/viewSourcesList.tsx:152:        console.error({ err });",
  "views/sources/viewSourcesList.tsx:177:        console.error({ err });",
  "views/sources/viewSourcesList.tsx:204:        console.error({ err });",
  "views/sources/viewSourcesList.tsx:205:        console.log(JSON.stringify(err?.response?.data));",
  "views/sources/viewSourcesList.tsx:231:      .catch(err => console.error(err));",
]
`;
