// Jest Snapshot v1, https://goo.gl/fbAQLP

exports[`Distribution should match a specific file output: dist-output 1`] = `
Array [
  "",
  "./dist/client/asset-manifest.json",
  "./dist/client/assets/css/index.css",
  "./dist/client/assets/images/about-bg.png",
  "./dist/client/assets/images/logo-brand.svg",
  "./dist/client/assets/images/logo.svg",
  "./dist/client/assets/images/title-brand.svg",
  "./dist/client/assets/images/title.svg",
  "./dist/client/assets/rcue/css/patternfly*css",
  "./dist/client/assets/rcue/css/patternfly*css.map",
  "./dist/client/assets/rcue/css/patternfly*map",
  "./dist/client/assets/rcue/css/patternfly-additions*css",
  "./dist/client/assets/rcue/css/patternfly-additions*css.map",
  "./dist/client/assets/rcue/css/patternfly-additions*map",
  "./dist/client/assets/rcue/css/patternfly-additions.css",
  "./dist/client/assets/rcue/css/patternfly.css",
  "./dist/client/assets/rcue/css/rcue*css",
  "./dist/client/assets/rcue/css/rcue*css.map",
  "./dist/client/assets/rcue/css/rcue*map",
  "./dist/client/assets/rcue/css/rcue-additions*css",
  "./dist/client/assets/rcue/css/rcue-additions*css.map",
  "./dist/client/assets/rcue/css/rcue-additions*map",
  "./dist/client/assets/rcue/css/rcue-additions.css",
  "./dist/client/assets/rcue/css/rcue.css",
  "./dist/client/assets/rcue/fonts/FontAwesome.otf",
  "./dist/client/assets/rcue/fonts/OpenSans-Bold-webfont.eot",
  "./dist/client/assets/rcue/fonts/OpenSans-Bold-webfont.svg",
  "./dist/client/assets/rcue/fonts/OpenSans-Bold-webfont.ttf",
  "./dist/client/assets/rcue/fonts/OpenSans-Bold-webfont.woff",
  "./dist/client/assets/rcue/fonts/OpenSans-Bold-webfont.woff2",
  "./dist/client/assets/rcue/fonts/OpenSans-BoldItalic-webfont.eot",
  "./dist/client/assets/rcue/fonts/OpenSans-BoldItalic-webfont.svg",
  "./dist/client/assets/rcue/fonts/OpenSans-BoldItalic-webfont.ttf",
  "./dist/client/assets/rcue/fonts/OpenSans-BoldItalic-webfont.woff",
  "./dist/client/assets/rcue/fonts/OpenSans-BoldItalic-webfont.woff2",
  "./dist/client/assets/rcue/fonts/OpenSans-ExtraBold-webfont.eot",
  "./dist/client/assets/rcue/fonts/OpenSans-ExtraBold-webfont.svg",
  "./dist/client/assets/rcue/fonts/OpenSans-ExtraBold-webfont.ttf",
  "./dist/client/assets/rcue/fonts/OpenSans-ExtraBold-webfont.woff",
  "./dist/client/assets/rcue/fonts/OpenSans-ExtraBold-webfont.woff2",
  "./dist/client/assets/rcue/fonts/OpenSans-ExtraBoldItalic-webfont.eot",
  "./dist/client/assets/rcue/fonts/OpenSans-ExtraBoldItalic-webfont.svg",
  "./dist/client/assets/rcue/fonts/OpenSans-ExtraBoldItalic-webfont.ttf",
  "./dist/client/assets/rcue/fonts/OpenSans-ExtraBoldItalic-webfont.woff",
  "./dist/client/assets/rcue/fonts/OpenSans-ExtraBoldItalic-webfont.woff2",
  "./dist/client/assets/rcue/fonts/OpenSans-Italic-webfont.eot",
  "./dist/client/assets/rcue/fonts/OpenSans-Italic-webfont.svg",
  "./dist/client/assets/rcue/fonts/OpenSans-Italic-webfont.ttf",
  "./dist/client/assets/rcue/fonts/OpenSans-Italic-webfont.woff",
  "./dist/client/assets/rcue/fonts/OpenSans-Italic-webfont.woff2",
  "./dist/client/assets/rcue/fonts/OpenSans-Light-webfont.eot",
  "./dist/client/assets/rcue/fonts/OpenSans-Light-webfont.svg",
  "./dist/client/assets/rcue/fonts/OpenSans-Light-webfont.ttf",
  "./dist/client/assets/rcue/fonts/OpenSans-Light-webfont.woff",
  "./dist/client/assets/rcue/fonts/OpenSans-Light-webfont.woff2",
  "./dist/client/assets/rcue/fonts/OpenSans-LightItalic-webfont.eot",
  "./dist/client/assets/rcue/fonts/OpenSans-LightItalic-webfont.svg",
  "./dist/client/assets/rcue/fonts/OpenSans-LightItalic-webfont.ttf",
  "./dist/client/assets/rcue/fonts/OpenSans-LightItalic-webfont.woff",
  "./dist/client/assets/rcue/fonts/OpenSans-LightItalic-webfont.woff2",
  "./dist/client/assets/rcue/fonts/OpenSans-Regular-webfont.eot",
  "./dist/client/assets/rcue/fonts/OpenSans-Regular-webfont.svg",
  "./dist/client/assets/rcue/fonts/OpenSans-Regular-webfont.ttf",
  "./dist/client/assets/rcue/fonts/OpenSans-Regular-webfont.woff",
  "./dist/client/assets/rcue/fonts/OpenSans-Regular-webfont.woff2",
  "./dist/client/assets/rcue/fonts/OpenSans-Semibold-webfont.eot",
  "./dist/client/assets/rcue/fonts/OpenSans-Semibold-webfont.svg",
  "./dist/client/assets/rcue/fonts/OpenSans-Semibold-webfont.ttf",
  "./dist/client/assets/rcue/fonts/OpenSans-Semibold-webfont.woff",
  "./dist/client/assets/rcue/fonts/OpenSans-Semibold-webfont.woff2",
  "./dist/client/assets/rcue/fonts/OpenSans-SemiboldItalic-webfont.eot",
  "./dist/client/assets/rcue/fonts/OpenSans-SemiboldItalic-webfont.svg",
  "./dist/client/assets/rcue/fonts/OpenSans-SemiboldItalic-webfont.ttf",
  "./dist/client/assets/rcue/fonts/OpenSans-SemiboldItalic-webfont.woff",
  "./dist/client/assets/rcue/fonts/OpenSans-SemiboldItalic-webfont.woff2",
  "./dist/client/assets/rcue/fonts/PatternFlyIcons-webfont.eot",
  "./dist/client/assets/rcue/fonts/PatternFlyIcons-webfont.svg",
  "./dist/client/assets/rcue/fonts/PatternFlyIcons-webfont.ttf",
  "./dist/client/assets/rcue/fonts/PatternFlyIcons-webfont.woff",
  "./dist/client/assets/rcue/fonts/fontawesome-webfont.eot",
  "./dist/client/assets/rcue/fonts/fontawesome-webfont.svg",
  "./dist/client/assets/rcue/fonts/fontawesome-webfont.ttf",
  "./dist/client/assets/rcue/fonts/fontawesome-webfont.woff",
  "./dist/client/assets/rcue/fonts/fontawesome-webfont.woff2",
  "./dist/client/assets/rcue/fonts/glyphicons-halflings-regular.eot",
  "./dist/client/assets/rcue/fonts/glyphicons-halflings-regular.svg",
  "./dist/client/assets/rcue/fonts/glyphicons-halflings-regular.ttf",
  "./dist/client/assets/rcue/fonts/glyphicons-halflings-regular.woff",
  "./dist/client/assets/rcue/fonts/glyphicons-halflings-regular.woff2",
  "./dist/client/assets/rcue/img/Logo_Horizontal_Reversed.svg",
  "./dist/client/assets/rcue/img/OpenShift-Logo-NoText.svg",
  "./dist/client/assets/rcue/img/OpenShift-Logo-Text.svg",
  "./dist/client/assets/rcue/img/OpenShift-logo.svg",
  "./dist/client/assets/rcue/img/RH_Atomic-Logo-NoText.svg",
  "./dist/client/assets/rcue/img/RH_Atomic-Logo-Text.svg",
  "./dist/client/assets/rcue/img/RH_atomic.svg",
  "./dist/client/assets/rcue/img/apple-touch-icon-precomposed-114.png",
  "./dist/client/assets/rcue/img/apple-touch-icon-precomposed-144.png",
  "./dist/client/assets/rcue/img/apple-touch-icon-precomposed-152.png",
  "./dist/client/assets/rcue/img/apple-touch-icon-precomposed-180.png",
  "./dist/client/assets/rcue/img/apple-touch-icon-precomposed-57.png",
  "./dist/client/assets/rcue/img/apple-touch-icon-precomposed-72.png",
  "./dist/client/assets/rcue/img/apple-touch-icon-precomposed-76.png",
  "./dist/client/assets/rcue/img/bg-login-2.png",
  "./dist/client/assets/rcue/img/bg-login.jpg",
  "./dist/client/assets/rcue/img/bg-login.png",
  "./dist/client/assets/rcue/img/bg-modal-about-pf.png",
  "./dist/client/assets/rcue/img/bg-navbar-pf-alt.svg",
  "./dist/client/assets/rcue/img/brand-alt.svg",
  "./dist/client/assets/rcue/img/brand.svg",
  "./dist/client/assets/rcue/img/dropbox-logo.svg",
  "./dist/client/assets/rcue/img/facebook-logo.svg",
  "./dist/client/assets/rcue/img/favicon.ico",
  "./dist/client/assets/rcue/img/fedora-logo.png",
  "./dist/client/assets/rcue/img/git-logo.svg",
  "./dist/client/assets/rcue/img/github-logo.svg",
  "./dist/client/assets/rcue/img/gmail.svg",
  "./dist/client/assets/rcue/img/google-calendar.svg",
  "./dist/client/assets/rcue/img/google-drive.svg",
  "./dist/client/assets/rcue/img/google-logo.svg",
  "./dist/client/assets/rcue/img/instagram-logo.png",
  "./dist/client/assets/rcue/img/kubernetes-Logo.svg",
  "./dist/client/assets/rcue/img/kubernetes.svg",
  "./dist/client/assets/rcue/img/linkedin-logo.svg",
  "./dist/client/assets/rcue/img/logo-alt.svg",
  "./dist/client/assets/rcue/img/logo.svg",
  "./dist/client/assets/rcue/img/open-id-logo.svg",
  "./dist/client/assets/rcue/img/rcue-full.svg",
  "./dist/client/assets/rcue/img/rcue.svg",
  "./dist/client/assets/rcue/img/redhat_reverse.png",
  "./dist/client/assets/rcue/img/skype-logo.svg",
  "./dist/client/assets/rcue/img/spinner-inverse-lg.gif",
  "./dist/client/assets/rcue/img/spinner-inverse-sm.gif",
  "./dist/client/assets/rcue/img/spinner-inverse-xs.gif",
  "./dist/client/assets/rcue/img/spinner-inverse.gif",
  "./dist/client/assets/rcue/img/spinner-lg.gif",
  "./dist/client/assets/rcue/img/spinner-sm.gif",
  "./dist/client/assets/rcue/img/spinner-xs.gif",
  "./dist/client/assets/rcue/img/spinner.gif",
  "./dist/client/assets/rcue/img/stack-exchange-logo.svg",
  "./dist/client/assets/rcue/img/twitter-logo.svg",
  "./dist/client/assets/rcue/js/patternfly*js",
  "./dist/client/assets/rcue/js/patternfly*pfColVis.js",
  "./dist/client/assets/rcue/js/patternfly*pfEmpty*js",
  "./dist/client/assets/rcue/js/patternfly*pfEmpty.js",
  "./dist/client/assets/rcue/js/patternfly*pfFilter*js",
  "./dist/client/assets/rcue/js/patternfly*pfFilter.js",
  "./dist/client/assets/rcue/js/patternfly*pfPagination*js",
  "./dist/client/assets/rcue/js/patternfly*pfPagination.js",
  "./dist/client/assets/rcue/js/patternfly*pfResize*js",
  "./dist/client/assets/rcue/js/patternfly*pfResize.js",
  "./dist/client/assets/rcue/js/patternfly*pfSelect*js",
  "./dist/client/assets/rcue/js/patternfly*pfSelect.js",
  "./dist/client/assets/rcue/js/patternfly-functions*js",
  "./dist/client/assets/rcue/js/patternfly-functions-base.js",
  "./dist/client/assets/rcue/js/patternfly-functions-charts.js",
  "./dist/client/assets/rcue/js/patternfly-functions-colors.js",
  "./dist/client/assets/rcue/js/patternfly-functions-count-chars.js",
  "./dist/client/assets/rcue/js/patternfly-functions-data-tables.js",
  "./dist/client/assets/rcue/js/patternfly-functions-fixed-heights.js",
  "./dist/client/assets/rcue/js/patternfly-functions-list.js",
  "./dist/client/assets/rcue/js/patternfly-functions-navigation.js",
  "./dist/client/assets/rcue/js/patternfly-functions-popovers.js",
  "./dist/client/assets/rcue/js/patternfly-functions-sidebar.js",
  "./dist/client/assets/rcue/js/patternfly-functions-tree-grid.js",
  "./dist/client/assets/rcue/js/patternfly-functions-vertical-nav.js",
  "./dist/client/assets/rcue/js/patternfly-functions.js",
  "./dist/client/assets/rcue/js/patternfly-settings*js",
  "./dist/client/assets/rcue/js/patternfly-settings*ts",
  "./dist/client/assets/rcue/js/patternfly-settings-base*ts",
  "./dist/client/assets/rcue/js/patternfly-settings-base.js",
  "./dist/client/assets/rcue/js/patternfly-settings-charts*ts",
  "./dist/client/assets/rcue/js/patternfly-settings-charts.js",
  "./dist/client/assets/rcue/js/patternfly-settings-colors*ts",
  "./dist/client/assets/rcue/js/patternfly-settings-colors.js",
  "./dist/client/assets/rcue/js/patternfly-settings.js",
  "./dist/client/assets/rcue/js/patternfly.js",
  "./dist/client/assets/rcue/less/about-modal.less",
  "./dist/client/assets/rcue/less/accordion.less",
  "./dist/client/assets/rcue/less/alerts.less",
  "./dist/client/assets/rcue/less/application-launcher.less",
  "./dist/client/assets/rcue/less/badges.less",
  "./dist/client/assets/rcue/less/blank-slate.less",
  "./dist/client/assets/rcue/less/bootstrap-combobox.less",
  "./dist/client/assets/rcue/less/bootstrap-datepicker.less",
  "./dist/client/assets/rcue/less/bootstrap-mixin-overrides.less",
  "./dist/client/assets/rcue/less/bootstrap-select.less",
  "./dist/client/assets/rcue/less/bootstrap-slider.less",
  "./dist/client/assets/rcue/less/bootstrap-switch.less",
  "./dist/client/assets/rcue/less/bootstrap-touchspin.less",
  "./dist/client/assets/rcue/less/bootstrap-treeview.less",
  "./dist/client/assets/rcue/less/breadcrumbs.less",
  "./dist/client/assets/rcue/less/buttons.less",
  "./dist/client/assets/rcue/less/card-view.less",
  "./dist/client/assets/rcue/less/cards.less",
  "./dist/client/assets/rcue/less/charts.less",
  "./dist/client/assets/rcue/less/close.less",
  "./dist/client/assets/rcue/less/color-variables.less",
  "./dist/client/assets/rcue/less/context-selector.less",
  "./dist/client/assets/rcue/less/datatables.less",
  "./dist/client/assets/rcue/less/date-and-time.less",
  "./dist/client/assets/rcue/less/dependencies/bootstrap-combobox/combobox.less",
  "./dist/client/assets/rcue/less/dependencies/bootstrap-datepicker/datepicker.less",
  "./dist/client/assets/rcue/less/dependencies/bootstrap-datepicker/datepicker3.less",
  "./dist/client/assets/rcue/less/dependencies/bootstrap-select/bootstrap-select.less",
  "./dist/client/assets/rcue/less/dependencies/bootstrap-select/variables.less",
  "./dist/client/assets/rcue/less/dependencies/bootstrap-slider/bootstrap-slider.less",
  "./dist/client/assets/rcue/less/dependencies/bootstrap-slider/rules.less",
  "./dist/client/assets/rcue/less/dependencies/bootstrap-slider/variables.less",
  "./dist/client/assets/rcue/less/dependencies/bootstrap-touchspin/jquery.bootstrap-touchspin.css",
  "./dist/client/assets/rcue/less/dependencies/bootstrap/alerts.less",
  "./dist/client/assets/rcue/less/dependencies/bootstrap/badges.less",
  "./dist/client/assets/rcue/less/dependencies/bootstrap/bootstrap.less",
  "./dist/client/assets/rcue/less/dependencies/bootstrap/breadcrumbs.less",
  "./dist/client/assets/rcue/less/dependencies/bootstrap/button-groups.less",
  "./dist/client/assets/rcue/less/dependencies/bootstrap/buttons.less",
  "./dist/client/assets/rcue/less/dependencies/bootstrap/carousel.less",
  "./dist/client/assets/rcue/less/dependencies/bootstrap/close.less",
  "./dist/client/assets/rcue/less/dependencies/bootstrap/code.less",
  "./dist/client/assets/rcue/less/dependencies/bootstrap/component-animations.less",
  "./dist/client/assets/rcue/less/dependencies/bootstrap/dropdowns.less",
  "./dist/client/assets/rcue/less/dependencies/bootstrap/forms.less",
  "./dist/client/assets/rcue/less/dependencies/bootstrap/glyphicons.less",
  "./dist/client/assets/rcue/less/dependencies/bootstrap/grid.less",
  "./dist/client/assets/rcue/less/dependencies/bootstrap/input-groups.less",
  "./dist/client/assets/rcue/less/dependencies/bootstrap/jumbotron.less",
  "./dist/client/assets/rcue/less/dependencies/bootstrap/labels.less",
  "./dist/client/assets/rcue/less/dependencies/bootstrap/list-group.less",
  "./dist/client/assets/rcue/less/dependencies/bootstrap/media.less",
  "./dist/client/assets/rcue/less/dependencies/bootstrap/mixins.less",
  "./dist/client/assets/rcue/less/dependencies/bootstrap/mixins/alerts.less",
  "./dist/client/assets/rcue/less/dependencies/bootstrap/mixins/background-variant.less",
  "./dist/client/assets/rcue/less/dependencies/bootstrap/mixins/border-radius.less",
  "./dist/client/assets/rcue/less/dependencies/bootstrap/mixins/buttons.less",
  "./dist/client/assets/rcue/less/dependencies/bootstrap/mixins/center-block.less",
  "./dist/client/assets/rcue/less/dependencies/bootstrap/mixins/clearfix.less",
  "./dist/client/assets/rcue/less/dependencies/bootstrap/mixins/forms.less",
  "./dist/client/assets/rcue/less/dependencies/bootstrap/mixins/gradients.less",
  "./dist/client/assets/rcue/less/dependencies/bootstrap/mixins/grid-framework.less",
  "./dist/client/assets/rcue/less/dependencies/bootstrap/mixins/grid.less",
  "./dist/client/assets/rcue/less/dependencies/bootstrap/mixins/hide-text.less",
  "./dist/client/assets/rcue/less/dependencies/bootstrap/mixins/image.less",
  "./dist/client/assets/rcue/less/dependencies/bootstrap/mixins/labels.less",
  "./dist/client/assets/rcue/less/dependencies/bootstrap/mixins/list-group.less",
  "./dist/client/assets/rcue/less/dependencies/bootstrap/mixins/nav-divider.less",
  "./dist/client/assets/rcue/less/dependencies/bootstrap/mixins/nav-vertical-align.less",
  "./dist/client/assets/rcue/less/dependencies/bootstrap/mixins/opacity.less",
  "./dist/client/assets/rcue/less/dependencies/bootstrap/mixins/pagination.less",
  "./dist/client/assets/rcue/less/dependencies/bootstrap/mixins/panels.less",
  "./dist/client/assets/rcue/less/dependencies/bootstrap/mixins/progress-bar.less",
  "./dist/client/assets/rcue/less/dependencies/bootstrap/mixins/reset-filter.less",
  "./dist/client/assets/rcue/less/dependencies/bootstrap/mixins/reset-text.less",
  "./dist/client/assets/rcue/less/dependencies/bootstrap/mixins/resize.less",
  "./dist/client/assets/rcue/less/dependencies/bootstrap/mixins/responsive-visibility.less",
  "./dist/client/assets/rcue/less/dependencies/bootstrap/mixins/size.less",
  "./dist/client/assets/rcue/less/dependencies/bootstrap/mixins/tab-focus.less",
  "./dist/client/assets/rcue/less/dependencies/bootstrap/mixins/table-row.less",
  "./dist/client/assets/rcue/less/dependencies/bootstrap/mixins/text-emphasis.less",
  "./dist/client/assets/rcue/less/dependencies/bootstrap/mixins/text-overflow.less",
  "./dist/client/assets/rcue/less/dependencies/bootstrap/mixins/vendor-prefixes.less",
  "./dist/client/assets/rcue/less/dependencies/bootstrap/modals.less",
  "./dist/client/assets/rcue/less/dependencies/bootstrap/navbar.less",
  "./dist/client/assets/rcue/less/dependencies/bootstrap/navs.less",
  "./dist/client/assets/rcue/less/dependencies/bootstrap/normalize.less",
  "./dist/client/assets/rcue/less/dependencies/bootstrap/pager.less",
  "./dist/client/assets/rcue/less/dependencies/bootstrap/pagination.less",
  "./dist/client/assets/rcue/less/dependencies/bootstrap/panels.less",
  "./dist/client/assets/rcue/less/dependencies/bootstrap/popovers.less",
  "./dist/client/assets/rcue/less/dependencies/bootstrap/print.less",
  "./dist/client/assets/rcue/less/dependencies/bootstrap/progress-bars.less",
  "./dist/client/assets/rcue/less/dependencies/bootstrap/responsive-embed.less",
  "./dist/client/assets/rcue/less/dependencies/bootstrap/responsive-utilities.less",
  "./dist/client/assets/rcue/less/dependencies/bootstrap/scaffolding.less",
  "./dist/client/assets/rcue/less/dependencies/bootstrap/tables.less",
  "./dist/client/assets/rcue/less/dependencies/bootstrap/theme.less",
  "./dist/client/assets/rcue/less/dependencies/bootstrap/thumbnails.less",
  "./dist/client/assets/rcue/less/dependencies/bootstrap/tooltip.less",
  "./dist/client/assets/rcue/less/dependencies/bootstrap/type.less",
  "./dist/client/assets/rcue/less/dependencies/bootstrap/utilities.less",
  "./dist/client/assets/rcue/less/dependencies/bootstrap/variables.less",
  "./dist/client/assets/rcue/less/dependencies/bootstrap/wells.less",
  "./dist/client/assets/rcue/less/dependencies/c3/c3.css",
  "./dist/client/assets/rcue/less/dependencies/font-awesome/animated.less",
  "./dist/client/assets/rcue/less/dependencies/font-awesome/bordered-pulled.less",
  "./dist/client/assets/rcue/less/dependencies/font-awesome/core.less",
  "./dist/client/assets/rcue/less/dependencies/font-awesome/fixed-width.less",
  "./dist/client/assets/rcue/less/dependencies/font-awesome/font-awesome.less",
  "./dist/client/assets/rcue/less/dependencies/font-awesome/icons.less",
  "./dist/client/assets/rcue/less/dependencies/font-awesome/larger.less",
  "./dist/client/assets/rcue/less/dependencies/font-awesome/list.less",
  "./dist/client/assets/rcue/less/dependencies/font-awesome/mixins.less",
  "./dist/client/assets/rcue/less/dependencies/font-awesome/path.less",
  "./dist/client/assets/rcue/less/dependencies/font-awesome/rotated-flipped.less",
  "./dist/client/assets/rcue/less/dependencies/font-awesome/screen-reader.less",
  "./dist/client/assets/rcue/less/dependencies/font-awesome/stacked.less",
  "./dist/client/assets/rcue/less/dependencies/font-awesome/variables.less",
  "./dist/client/assets/rcue/less/dropdowns.less",
  "./dist/client/assets/rcue/less/experimental-features.less",
  "./dist/client/assets/rcue/less/filter.less",
  "./dist/client/assets/rcue/less/fonts.less",
  "./dist/client/assets/rcue/less/footer.less",
  "./dist/client/assets/rcue/less/forms.less",
  "./dist/client/assets/rcue/less/icons.less",
  "./dist/client/assets/rcue/less/infotip.less",
  "./dist/client/assets/rcue/less/labels.less",
  "./dist/client/assets/rcue/less/layouts.less",
  "./dist/client/assets/rcue/less/links.less",
  "./dist/client/assets/rcue/less/list-group.less",
  "./dist/client/assets/rcue/less/list-pf.less",
  "./dist/client/assets/rcue/less/list-view-dnd.less",
  "./dist/client/assets/rcue/less/list-view.less",
  "./dist/client/assets/rcue/less/login.less",
  "./dist/client/assets/rcue/less/mixins.less",
  "./dist/client/assets/rcue/less/modals.less",
  "./dist/client/assets/rcue/less/nav-vertical-alt.less",
  "./dist/client/assets/rcue/less/navbar-alt.less",
  "./dist/client/assets/rcue/less/navbar-vertical.less",
  "./dist/client/assets/rcue/less/navbar.less",
  "./dist/client/assets/rcue/less/notifications-drawer.less",
  "./dist/client/assets/rcue/less/pager.less",
  "./dist/client/assets/rcue/less/pagination.less",
  "./dist/client/assets/rcue/less/panels.less",
  "./dist/client/assets/rcue/less/patternfly-additions.less",
  "./dist/client/assets/rcue/less/patternfly.less",
  "./dist/client/assets/rcue/less/popovers.less",
  "./dist/client/assets/rcue/less/progress-bars.less",
  "./dist/client/assets/rcue/less/rcue-about-modal.less",
  "./dist/client/assets/rcue/less/rcue-additions.less",
  "./dist/client/assets/rcue/less/rcue-login.less",
  "./dist/client/assets/rcue/less/rcue-variables.less",
  "./dist/client/assets/rcue/less/rcue.less",
  "./dist/client/assets/rcue/less/search.less",
  "./dist/client/assets/rcue/less/sidebar.less",
  "./dist/client/assets/rcue/less/skip-to-content.less",
  "./dist/client/assets/rcue/less/spinner.less",
  "./dist/client/assets/rcue/less/syntax-highlighting.less",
  "./dist/client/assets/rcue/less/table-view.less",
  "./dist/client/assets/rcue/less/tables.less",
  "./dist/client/assets/rcue/less/tabs.less",
  "./dist/client/assets/rcue/less/time-picker.less",
  "./dist/client/assets/rcue/less/toast.less",
  "./dist/client/assets/rcue/less/toolbar.less",
  "./dist/client/assets/rcue/less/tooltip.less",
  "./dist/client/assets/rcue/less/tree-list-view.less",
  "./dist/client/assets/rcue/less/type.less",
  "./dist/client/assets/rcue/less/variables.less",
  "./dist/client/assets/rcue/less/vertical-nav.less",
  "./dist/client/assets/rcue/less/wizard.less",
  "./dist/client/assets/rcue/sass/_patternfly-compass.scss",
  "./dist/client/assets/rcue/sass/_patternfly-sprockets.scss",
  "./dist/client/assets/rcue/sass/_patternfly.scss",
  "./dist/client/assets/rcue/sass/patternfly/_about-modal.scss",
  "./dist/client/assets/rcue/sass/patternfly/_accordion.scss",
  "./dist/client/assets/rcue/sass/patternfly/_alerts.scss",
  "./dist/client/assets/rcue/sass/patternfly/_application-launcher.scss",
  "./dist/client/assets/rcue/sass/patternfly/_badges.scss",
  "./dist/client/assets/rcue/sass/patternfly/_blank-slate.scss",
  "./dist/client/assets/rcue/sass/patternfly/_bootstrap-combobox.scss",
  "./dist/client/assets/rcue/sass/patternfly/_bootstrap-datepicker.scss",
  "./dist/client/assets/rcue/sass/patternfly/_bootstrap-mixin-overrides.scss",
  "./dist/client/assets/rcue/sass/patternfly/_bootstrap-select.scss",
  "./dist/client/assets/rcue/sass/patternfly/_bootstrap-slider.scss",
  "./dist/client/assets/rcue/sass/patternfly/_bootstrap-switch.scss",
  "./dist/client/assets/rcue/sass/patternfly/_bootstrap-touchspin.scss",
  "./dist/client/assets/rcue/sass/patternfly/_bootstrap-treeview.scss",
  "./dist/client/assets/rcue/sass/patternfly/_breadcrumbs.scss",
  "./dist/client/assets/rcue/sass/patternfly/_buttons.scss",
  "./dist/client/assets/rcue/sass/patternfly/_card-view.scss",
  "./dist/client/assets/rcue/sass/patternfly/_cards.scss",
  "./dist/client/assets/rcue/sass/patternfly/_charts.scss",
  "./dist/client/assets/rcue/sass/patternfly/_close.scss",
  "./dist/client/assets/rcue/sass/patternfly/_color-variables.scss",
  "./dist/client/assets/rcue/sass/patternfly/_context-selector.scss",
  "./dist/client/assets/rcue/sass/patternfly/_datatables.scss",
  "./dist/client/assets/rcue/sass/patternfly/_date-and-time.scss",
  "./dist/client/assets/rcue/sass/patternfly/_dropdowns.scss",
  "./dist/client/assets/rcue/sass/patternfly/_experimental-features.scss",
  "./dist/client/assets/rcue/sass/patternfly/_filter.scss",
  "./dist/client/assets/rcue/sass/patternfly/_fonts.scss",
  "./dist/client/assets/rcue/sass/patternfly/_footer.scss",
  "./dist/client/assets/rcue/sass/patternfly/_forms.scss",
  "./dist/client/assets/rcue/sass/patternfly/_icons.scss",
  "./dist/client/assets/rcue/sass/patternfly/_infotip.scss",
  "./dist/client/assets/rcue/sass/patternfly/_labels.scss",
  "./dist/client/assets/rcue/sass/patternfly/_layouts.scss",
  "./dist/client/assets/rcue/sass/patternfly/_links.scss",
  "./dist/client/assets/rcue/sass/patternfly/_list-group.scss",
  "./dist/client/assets/rcue/sass/patternfly/_list-pf.scss",
  "./dist/client/assets/rcue/sass/patternfly/_list-view-dnd.scss",
  "./dist/client/assets/rcue/sass/patternfly/_list-view.scss",
  "./dist/client/assets/rcue/sass/patternfly/_login.scss",
  "./dist/client/assets/rcue/sass/patternfly/_mixins.scss",
  "./dist/client/assets/rcue/sass/patternfly/_modals.scss",
  "./dist/client/assets/rcue/sass/patternfly/_nav-vertical-alt.scss",
  "./dist/client/assets/rcue/sass/patternfly/_navbar-alt.scss",
  "./dist/client/assets/rcue/sass/patternfly/_navbar-vertical.scss",
  "./dist/client/assets/rcue/sass/patternfly/_navbar.scss",
  "./dist/client/assets/rcue/sass/patternfly/_notifications-drawer.scss",
  "./dist/client/assets/rcue/sass/patternfly/_pager.scss",
  "./dist/client/assets/rcue/sass/patternfly/_pagination.scss",
  "./dist/client/assets/rcue/sass/patternfly/_panels.scss",
  "./dist/client/assets/rcue/sass/patternfly/_popovers.scss",
  "./dist/client/assets/rcue/sass/patternfly/_progress-bars.scss",
  "./dist/client/assets/rcue/sass/patternfly/_rcue-about-modal.scss",
  "./dist/client/assets/rcue/sass/patternfly/_rcue-additions.scss",
  "./dist/client/assets/rcue/sass/patternfly/_rcue-login.scss",
  "./dist/client/assets/rcue/sass/patternfly/_rcue-variables.scss",
  "./dist/client/assets/rcue/sass/patternfly/_rcue.scss",
  "./dist/client/assets/rcue/sass/patternfly/_search.scss",
  "./dist/client/assets/rcue/sass/patternfly/_sidebar.scss",
  "./dist/client/assets/rcue/sass/patternfly/_skip-to-content.scss",
  "./dist/client/assets/rcue/sass/patternfly/_spinner.scss",
  "./dist/client/assets/rcue/sass/patternfly/_syntax-highlighting.scss",
  "./dist/client/assets/rcue/sass/patternfly/_table-view.scss",
  "./dist/client/assets/rcue/sass/patternfly/_tables.scss",
  "./dist/client/assets/rcue/sass/patternfly/_tabs.scss",
  "./dist/client/assets/rcue/sass/patternfly/_time-picker.scss",
  "./dist/client/assets/rcue/sass/patternfly/_toast.scss",
  "./dist/client/assets/rcue/sass/patternfly/_toolbar.scss",
  "./dist/client/assets/rcue/sass/patternfly/_tooltip.scss",
  "./dist/client/assets/rcue/sass/patternfly/_tree-list-view.scss",
  "./dist/client/assets/rcue/sass/patternfly/_type.scss",
  "./dist/client/assets/rcue/sass/patternfly/_variables.scss",
  "./dist/client/assets/rcue/sass/patternfly/_vertical-nav.scss",
  "./dist/client/assets/rcue/sass/patternfly/_wizard.scss",
  "./dist/client/assets/rcue/sass/patternfly/dependencies/bootstrap-combobox/combobox.scss",
  "./dist/client/assets/rcue/sass/patternfly/dependencies/bootstrap-datepicker/datepicker.scss",
  "./dist/client/assets/rcue/sass/patternfly/dependencies/bootstrap-datepicker/datepicker3.scss",
  "./dist/client/assets/rcue/sass/patternfly/dependencies/bootstrap-select/bootstrap-select.scss",
  "./dist/client/assets/rcue/sass/patternfly/dependencies/bootstrap-select/variables.scss",
  "./dist/client/assets/rcue/sass/patternfly/dependencies/bootstrap-slider/_mixins.scss",
  "./dist/client/assets/rcue/sass/patternfly/dependencies/bootstrap-slider/_rules.scss",
  "./dist/client/assets/rcue/sass/patternfly/dependencies/bootstrap-slider/_variables.scss",
  "./dist/client/assets/rcue/sass/patternfly/dependencies/bootstrap-slider/bootstrap-slider.scss",
  "./dist/client/assets/rcue/sass/patternfly/dependencies/bootstrap-switch/bootstrap-switch.scss",
  "./dist/client/assets/rcue/sass/patternfly/dependencies/bootstrap-switch/build.scss",
  "./dist/client/assets/rcue/sass/patternfly/dependencies/bootstrap-switch/mixins.scss",
  "./dist/client/assets/rcue/sass/patternfly/dependencies/bootstrap-switch/mixins/alerts.scss",
  "./dist/client/assets/rcue/sass/patternfly/dependencies/bootstrap-switch/mixins/background-variant.scss",
  "./dist/client/assets/rcue/sass/patternfly/dependencies/bootstrap-switch/mixins/border-radius.scss",
  "./dist/client/assets/rcue/sass/patternfly/dependencies/bootstrap-switch/mixins/buttons.scss",
  "./dist/client/assets/rcue/sass/patternfly/dependencies/bootstrap-switch/mixins/center-block.scss",
  "./dist/client/assets/rcue/sass/patternfly/dependencies/bootstrap-switch/mixins/clearfix.scss",
  "./dist/client/assets/rcue/sass/patternfly/dependencies/bootstrap-switch/mixins/forms.scss",
  "./dist/client/assets/rcue/sass/patternfly/dependencies/bootstrap-switch/mixins/gradients.scss",
  "./dist/client/assets/rcue/sass/patternfly/dependencies/bootstrap-switch/mixins/grid-framework.scss",
  "./dist/client/assets/rcue/sass/patternfly/dependencies/bootstrap-switch/mixins/grid.scss",
  "./dist/client/assets/rcue/sass/patternfly/dependencies/bootstrap-switch/mixins/hide-text.scss",
  "./dist/client/assets/rcue/sass/patternfly/dependencies/bootstrap-switch/mixins/image.scss",
  "./dist/client/assets/rcue/sass/patternfly/dependencies/bootstrap-switch/mixins/labels.scss",
  "./dist/client/assets/rcue/sass/patternfly/dependencies/bootstrap-switch/mixins/list-group.scss",
  "./dist/client/assets/rcue/sass/patternfly/dependencies/bootstrap-switch/mixins/nav-divider.scss",
  "./dist/client/assets/rcue/sass/patternfly/dependencies/bootstrap-switch/mixins/nav-vertical-align.scss",
  "./dist/client/assets/rcue/sass/patternfly/dependencies/bootstrap-switch/mixins/opacity.scss",
  "./dist/client/assets/rcue/sass/patternfly/dependencies/bootstrap-switch/mixins/pagination.scss",
  "./dist/client/assets/rcue/sass/patternfly/dependencies/bootstrap-switch/mixins/panels.scss",
  "./dist/client/assets/rcue/sass/patternfly/dependencies/bootstrap-switch/mixins/progress-bar.scss",
  "./dist/client/assets/rcue/sass/patternfly/dependencies/bootstrap-switch/mixins/reset-filter.scss",
  "./dist/client/assets/rcue/sass/patternfly/dependencies/bootstrap-switch/mixins/reset-text.scss",
  "./dist/client/assets/rcue/sass/patternfly/dependencies/bootstrap-switch/mixins/resize.scss",
  "./dist/client/assets/rcue/sass/patternfly/dependencies/bootstrap-switch/mixins/responsive-visibility.scss",
  "./dist/client/assets/rcue/sass/patternfly/dependencies/bootstrap-switch/mixins/size.scss",
  "./dist/client/assets/rcue/sass/patternfly/dependencies/bootstrap-switch/mixins/tab-focus.scss",
  "./dist/client/assets/rcue/sass/patternfly/dependencies/bootstrap-switch/mixins/table-row.scss",
  "./dist/client/assets/rcue/sass/patternfly/dependencies/bootstrap-switch/mixins/text-emphasis.scss",
  "./dist/client/assets/rcue/sass/patternfly/dependencies/bootstrap-switch/mixins/text-overflow.scss",
  "./dist/client/assets/rcue/sass/patternfly/dependencies/bootstrap-switch/mixins/vendor-prefixes.scss",
  "./dist/client/assets/rcue/sass/patternfly/dependencies/bootstrap-switch/variables.scss",
  "./dist/client/assets/rcue/sass/patternfly/dependencies/bootstrap-touchspin/_jquery.bootstrap-touchspin.scss",
  "./dist/client/assets/rcue/sass/patternfly/dependencies/c3/_c3.scss",
  "./dist/client/assets/rcue/sass/patternfly/dependencies/eonasdan-bootstrap-datetimepicker/_bootstrap-datetimepicker.scss",
  "./dist/client/assets/rcue/sass/patternfly/dependencies/eonasdan-bootstrap-datetimepicker/bootstrap-datetimepicker-build.scss",
  "./dist/client/assets/rcue/sass/rcue/_about-modal.scss",
  "./dist/client/assets/rcue/sass/rcue/_accordion.scss",
  "./dist/client/assets/rcue/sass/rcue/_alerts.scss",
  "./dist/client/assets/rcue/sass/rcue/_badges.scss",
  "./dist/client/assets/rcue/sass/rcue/_blank-slate.scss",
  "./dist/client/assets/rcue/sass/rcue/_bootstrap-combobox.scss",
  "./dist/client/assets/rcue/sass/rcue/_bootstrap-datepicker.scss",
  "./dist/client/assets/rcue/sass/rcue/_bootstrap-mixin-overrides.scss",
  "./dist/client/assets/rcue/sass/rcue/_bootstrap-select.scss",
  "./dist/client/assets/rcue/sass/rcue/_bootstrap-slider.scss",
  "./dist/client/assets/rcue/sass/rcue/_bootstrap-switch.scss",
  "./dist/client/assets/rcue/sass/rcue/_bootstrap-touchspin.scss",
  "./dist/client/assets/rcue/sass/rcue/_bootstrap-treeview.scss",
  "./dist/client/assets/rcue/sass/rcue/_breadcrumbs.scss",
  "./dist/client/assets/rcue/sass/rcue/_buttons.scss",
  "./dist/client/assets/rcue/sass/rcue/_card-view.scss",
  "./dist/client/assets/rcue/sass/rcue/_cards.scss",
  "./dist/client/assets/rcue/sass/rcue/_charts.scss",
  "./dist/client/assets/rcue/sass/rcue/_close.scss",
  "./dist/client/assets/rcue/sass/rcue/_color-variables.scss",
  "./dist/client/assets/rcue/sass/rcue/_context-selector.scss",
  "./dist/client/assets/rcue/sass/rcue/_datatables.scss",
  "./dist/client/assets/rcue/sass/rcue/_date-and-time.scss",
  "./dist/client/assets/rcue/sass/rcue/_dropdowns.scss",
  "./dist/client/assets/rcue/sass/rcue/_experimental-features.scss",
  "./dist/client/assets/rcue/sass/rcue/_filter.scss",
  "./dist/client/assets/rcue/sass/rcue/_fonts.scss",
  "./dist/client/assets/rcue/sass/rcue/_footer.scss",
  "./dist/client/assets/rcue/sass/rcue/_forms.scss",
  "./dist/client/assets/rcue/sass/rcue/_icons.scss",
  "./dist/client/assets/rcue/sass/rcue/_infotip.scss",
  "./dist/client/assets/rcue/sass/rcue/_labels.scss",
  "./dist/client/assets/rcue/sass/rcue/_layouts.scss",
  "./dist/client/assets/rcue/sass/rcue/_links.scss",
  "./dist/client/assets/rcue/sass/rcue/_list-group.scss",
  "./dist/client/assets/rcue/sass/rcue/_list-pf.scss",
  "./dist/client/assets/rcue/sass/rcue/_list-view-dnd.scss",
  "./dist/client/assets/rcue/sass/rcue/_list-view.scss",
  "./dist/client/assets/rcue/sass/rcue/_login.scss",
  "./dist/client/assets/rcue/sass/rcue/_mixins.scss",
  "./dist/client/assets/rcue/sass/rcue/_modals.scss",
  "./dist/client/assets/rcue/sass/rcue/_nav-vertical-alt.scss",
  "./dist/client/assets/rcue/sass/rcue/_navbar-alt.scss",
  "./dist/client/assets/rcue/sass/rcue/_navbar-vertical.scss",
  "./dist/client/assets/rcue/sass/rcue/_navbar.scss",
  "./dist/client/assets/rcue/sass/rcue/_notifications-drawer.scss",
  "./dist/client/assets/rcue/sass/rcue/_pager.scss",
  "./dist/client/assets/rcue/sass/rcue/_pagination.scss",
  "./dist/client/assets/rcue/sass/rcue/_panels.scss",
  "./dist/client/assets/rcue/sass/rcue/_patternfly-additions.scss",
  "./dist/client/assets/rcue/sass/rcue/_patternfly.scss",
  "./dist/client/assets/rcue/sass/rcue/_popovers.scss",
  "./dist/client/assets/rcue/sass/rcue/_progress-bars.scss",
  "./dist/client/assets/rcue/sass/rcue/_rcue-about-modal.scss",
  "./dist/client/assets/rcue/sass/rcue/_rcue-login.scss",
  "./dist/client/assets/rcue/sass/rcue/_rcue-variables.scss",
  "./dist/client/assets/rcue/sass/rcue/_search.scss",
  "./dist/client/assets/rcue/sass/rcue/_sidebar.scss",
  "./dist/client/assets/rcue/sass/rcue/_skip-to-content.scss",
  "./dist/client/assets/rcue/sass/rcue/_spinner.scss",
  "./dist/client/assets/rcue/sass/rcue/_syntax-highlighting.scss",
  "./dist/client/assets/rcue/sass/rcue/_table-view.scss",
  "./dist/client/assets/rcue/sass/rcue/_tables.scss",
  "./dist/client/assets/rcue/sass/rcue/_tabs.scss",
  "./dist/client/assets/rcue/sass/rcue/_time-picker.scss",
  "./dist/client/assets/rcue/sass/rcue/_toast.scss",
  "./dist/client/assets/rcue/sass/rcue/_toolbar.scss",
  "./dist/client/assets/rcue/sass/rcue/_tooltip.scss",
  "./dist/client/assets/rcue/sass/rcue/_tree-list-view.scss",
  "./dist/client/assets/rcue/sass/rcue/_type.scss",
  "./dist/client/assets/rcue/sass/rcue/_variables.scss",
  "./dist/client/assets/rcue/sass/rcue/_vertical-nav.scss",
  "./dist/client/assets/rcue/sass/rcue/_wizard.scss",
  "./dist/client/docs/install.html",
  "./dist/client/docs/use.html",
  "./dist/client/favicon.ico",
  "./dist/client/locales/en.json",
  "./dist/client/locales/locales.json",
  "./dist/client/manifest.json",
  "./dist/client/service-worker.js",
  "./dist/client/static/css/main*css",
  "./dist/client/static/css/main*css.map",
  "./dist/client/static/js/main*js",
  "./dist/client/static/js/main*js.map",
  "./dist/client/static/media/OpenSans-Bold-webfont*eot",
  "./dist/client/static/media/OpenSans-Bold-webfont*svg",
  "./dist/client/static/media/OpenSans-Bold-webfont*ttf",
  "./dist/client/static/media/OpenSans-Bold-webfont*woff",
  "./dist/client/static/media/OpenSans-Bold-webfont*woff2",
  "./dist/client/static/media/OpenSans-BoldItalic-webfont*eot",
  "./dist/client/static/media/OpenSans-BoldItalic-webfont*svg",
  "./dist/client/static/media/OpenSans-BoldItalic-webfont*ttf",
  "./dist/client/static/media/OpenSans-BoldItalic-webfont*woff",
  "./dist/client/static/media/OpenSans-BoldItalic-webfont*woff2",
  "./dist/client/static/media/OpenSans-ExtraBold-webfont*eot",
  "./dist/client/static/media/OpenSans-ExtraBold-webfont*svg",
  "./dist/client/static/media/OpenSans-ExtraBold-webfont*ttf",
  "./dist/client/static/media/OpenSans-ExtraBold-webfont*woff",
  "./dist/client/static/media/OpenSans-ExtraBold-webfont*woff2",
  "./dist/client/static/media/OpenSans-ExtraBoldItalic-webfont*eot",
  "./dist/client/static/media/OpenSans-ExtraBoldItalic-webfont*svg",
  "./dist/client/static/media/OpenSans-ExtraBoldItalic-webfont*ttf",
  "./dist/client/static/media/OpenSans-ExtraBoldItalic-webfont*woff",
  "./dist/client/static/media/OpenSans-ExtraBoldItalic-webfont*woff2",
  "./dist/client/static/media/OpenSans-Italic-webfont*eot",
  "./dist/client/static/media/OpenSans-Italic-webfont*svg",
  "./dist/client/static/media/OpenSans-Italic-webfont*ttf",
  "./dist/client/static/media/OpenSans-Italic-webfont*woff",
  "./dist/client/static/media/OpenSans-Italic-webfont*woff2",
  "./dist/client/static/media/OpenSans-Light-webfont*eot",
  "./dist/client/static/media/OpenSans-Light-webfont*svg",
  "./dist/client/static/media/OpenSans-Light-webfont*ttf",
  "./dist/client/static/media/OpenSans-Light-webfont*woff",
  "./dist/client/static/media/OpenSans-Light-webfont*woff2",
  "./dist/client/static/media/OpenSans-LightItalic-webfont*eot",
  "./dist/client/static/media/OpenSans-LightItalic-webfont*svg",
  "./dist/client/static/media/OpenSans-LightItalic-webfont*ttf",
  "./dist/client/static/media/OpenSans-LightItalic-webfont*woff",
  "./dist/client/static/media/OpenSans-LightItalic-webfont*woff2",
  "./dist/client/static/media/OpenSans-Regular-webfont*eot",
  "./dist/client/static/media/OpenSans-Regular-webfont*svg",
  "./dist/client/static/media/OpenSans-Regular-webfont*ttf",
  "./dist/client/static/media/OpenSans-Regular-webfont*woff",
  "./dist/client/static/media/OpenSans-Regular-webfont*woff2",
  "./dist/client/static/media/OpenSans-Semibold-webfont*eot",
  "./dist/client/static/media/OpenSans-Semibold-webfont*svg",
  "./dist/client/static/media/OpenSans-Semibold-webfont*ttf",
  "./dist/client/static/media/OpenSans-Semibold-webfont*woff",
  "./dist/client/static/media/OpenSans-Semibold-webfont*woff2",
  "./dist/client/static/media/OpenSans-SemiboldItalic-webfont*eot",
  "./dist/client/static/media/OpenSans-SemiboldItalic-webfont*svg",
  "./dist/client/static/media/OpenSans-SemiboldItalic-webfont*ttf",
  "./dist/client/static/media/OpenSans-SemiboldItalic-webfont*woff",
  "./dist/client/static/media/OpenSans-SemiboldItalic-webfont*woff2",
  "./dist/client/static/media/PatternFlyIcons-webfont*eot",
  "./dist/client/static/media/PatternFlyIcons-webfont*svg",
  "./dist/client/static/media/PatternFlyIcons-webfont*ttf",
  "./dist/client/static/media/PatternFlyIcons-webfont*woff",
  "./dist/client/static/media/about-bg*png",
  "./dist/client/static/media/fontawesome-webfont*eot",
  "./dist/client/static/media/fontawesome-webfont*svg",
  "./dist/client/static/media/fontawesome-webfont*ttf",
  "./dist/client/static/media/fontawesome-webfont*woff",
  "./dist/client/static/media/fontawesome-webfont*woff2",
  "./dist/client/static/media/glyphicons-halflings-regular*eot",
  "./dist/client/static/media/glyphicons-halflings-regular*svg",
  "./dist/client/static/media/glyphicons-halflings-regular*ttf",
  "./dist/client/static/media/glyphicons-halflings-regular*woff",
  "./dist/client/static/media/glyphicons-halflings-regular*woff2",
  "./dist/client/static/media/logo*svg",
  "./dist/client/static/media/logo-brand*svg",
  "./dist/client/static/media/title*svg",
  "./dist/client/static/media/title-brand*svg",
  "./dist/templates/base.html",
  "./dist/templates/client/index.html",
  "./dist/templates/registration/logged_out.html",
  "./dist/templates/registration/login.html",
]
`;
