// Jest Snapshot v1, https://goo.gl/fbAQLP

exports[`ViewContext should apply a hook for dispatching view updates: dispatch 1`] = `
Array [
  Array [
    Object {
      "type": "UPDATE_VIEW",
      "viewId": "test id",
    },
  ],
]
`;

exports[`ViewContext should apply a hook for retrieving api queries: query 1`] = `
Object {
  "dolor": "sit",
  "hello": "world",
  "lorem": "ipsum",
}
`;

exports[`ViewContext should apply a hook for retrieving view config: config 1`] = `
Object {
  "toolbar": "lorem ipsum",
}
`;

exports[`ViewContext should apply a hook that combines retrieving view queries and config: combined 1`] = `
Object {
  "config": Object {
    "toolbar": "lorem ipsum",
  },
  "isFilteringActive": true,
  "query": Object {
    "hello": "world",
  },
  "viewId": "test id",
}
`;

exports[`ViewContext should return specific properties: specific properties 1`] = `
Object {
  "DEFAULT_CONTEXT": Array [
    Object {},
    [Function],
  ],
  "ViewContext": Object {
    "$$typeof": Symbol(react.context),
    "Consumer": Object {
      "$$typeof": Symbol(react.context),
      "_calculateChangedBits": null,
      "_context": [Circular],
    },
    "Provider": Object {
      "$$typeof": Symbol(react.provider),
      "_context": [Circular],
    },
    "_calculateChangedBits": null,
    "_currentRenderer": null,
    "_currentRenderer2": null,
    "_currentValue": Array [
      Object {},
      [Function],
    ],
    "_currentValue2": Array [
      Object {},
      [Function],
    ],
    "_threadCount": 0,
  },
  "useConfig": [Function],
  "useInferredContext": [Function],
  "useOnRefresh": [Function],
  "useQuery": [Function],
  "useView": [Function],
  "useViewContext": [Function],
}
`;
