// Jest Snapshot v1, https://jestjs.io/docs/snapshot-testing

exports[`Login should attempt to use the login service: submit 1`] = `
[
  [
    {
      "password": "ipsum",
      "username": "lorem",
    },
  ],
]
`;

exports[`Login should render a basic component: basic 1`] = `
<LoginPage
  className="fadein"
  brandImgSrc="titleLogin.svg"
  brandImgAlt="t([
  "view.alt-logo",
  {
    "name": "Quipucords"
  }
])"
  loginTitle="t([
  "login.title"
])"
  textContent="t([
  "login.description"
])"
  backgroundImgSrc="aboutBg.png"
>
  <LoginForm
  style={{
      "opacity": 1,
    }}
  showHelperText={false}
  helperText="t([
  "login.invalid"
])"
  helperTextIcon={<ExclamationCircleIcon />}
  usernameLabel="t([
  "login.label",
  {
    "context": "username"
  }
])"
  usernameValue=""
  onChangeUsername={[Function]}
  isValidUsername
  passwordLabel="t([
  "login.label",
  {
    "context": "password"
  }
])"
  passwordValue=""
  onChangePassword={[Function]}
  isValidPassword
  onLoginButtonClick={[Function]}
  loginButtonLabel="t([
  "login.label",
  {
    "context": "login"
  }
])"
 />
</LoginPage>
`;

exports[`Login should render authorized children: logged in 1`] = `"Lorem ipsum"`;
